[ACCESSIBLE VERSION - Processed by PerfectWorks API]

This is a test document for accessibility processing.
